// Jest Snapshot v1, https://goo.gl/fbAQLP

exports[`Popover should show overlay when trigger is clicked 1`] = `"<div class=\\"infini-popover-content\\"><div class=\\"infini-popover-arrow\\"></div><div class=\\"infini-popover-inner\\" role=\\"tooltip\\"><div><div class=\\"infini-popover-title\\">code</div><div class=\\"infini-popover-inner-content\\">console.log('hello world')</div></div></div></div>"`;

exports[`Popover should show overlay when trigger is clicked 2`] = `"<div class=\\"infini-popover-content\\"><div class=\\"infini-popover-arrow\\"></div><div class=\\"infini-popover-inner\\" role=\\"tooltip\\"><div><div class=\\"infini-popover-title\\">code</div><div class=\\"infini-popover-inner-content\\">console.log('hello world')</div></div></div></div>"`;
