// Jest Snapshot v1, https://goo.gl/fbAQLP

exports[`Table renders JSX correctly 1`] = `
<div
  class="infini-table-wrapper"
>
  <div
    class="infini-spin-nested-loading"
  >
    <div
      class="infini-spin-container"
    >
      <div
        class="infini-table infini-table-default infini-table-scroll-position-left"
      >
        <div
          class="infini-table-content"
        >
          <div
            class="infini-table-body"
          >
            <table
              class=""
            >
              <colgroup>
                <col />
                <col />
                <col />
              </colgroup>
              <thead
                class="infini-table-thead"
              >
                <tr>
                  <th
                    class=""
                    colspan="2"
                  >
                    <span
                      class="infini-table-header-column"
                    >
                      <div>
                        <span
                          class="infini-table-column-title"
                        >
                          Name
                        </span>
                        <span
                          class="infini-table-column-sorter"
                        />
                      </div>
                    </span>
                  </th>
                  <th
                    class=""
                    rowspan="2"
                  >
                    <span
                      class="infini-table-header-column"
                    >
                      <div>
                        <span
                          class="infini-table-column-title"
                        >
                          Age
                        </span>
                        <span
                          class="infini-table-column-sorter"
                        />
                      </div>
                    </span>
                  </th>
                </tr>
                <tr>
                  <th
                    class=""
                  >
                    <span
                      class="infini-table-header-column"
                    >
                      <div>
                        <span
                          class="infini-table-column-title"
                        >
                          First Name
                        </span>
                        <span
                          class="infini-table-column-sorter"
                        />
                      </div>
                    </span>
                  </th>
                  <th
                    class=""
                  >
                    <span
                      class="infini-table-header-column"
                    >
                      <div>
                        <span
                          class="infini-table-column-title"
                        >
                          Last Name
                        </span>
                        <span
                          class="infini-table-column-sorter"
                        />
                      </div>
                    </span>
                  </th>
                </tr>
              </thead>
              <tbody
                class="infini-table-tbody"
              >
                <tr
                  class="infini-table-row infini-table-row-level-0"
                  data-row-key="1"
                >
                  <td
                    class=""
                  >
                    <span
                      class="infini-table-row-indent indent-level-0"
                      style="padding-left:0px"
                    />
                    John
                  </td>
                  <td
                    class=""
                  >
                    Brown
                  </td>
                  <td
                    class=""
                  >
                    32
                  </td>
                </tr>
                <tr
                  class="infini-table-row infini-table-row-level-0"
                  data-row-key="2"
                >
                  <td
                    class=""
                  >
                    <span
                      class="infini-table-row-indent indent-level-0"
                      style="padding-left:0px"
                    />
                    Jim
                  </td>
                  <td
                    class=""
                  >
                    Green
                  </td>
                  <td
                    class=""
                  >
                    42
                  </td>
                </tr>
              </tbody>
            </table>
          </div>
        </div>
      </div>
    </div>
  </div>
</div>
`;
